[Global]
auth-url    = "https://127.0.0.1:8443"
username    = "admin"
password    = "password"
tenant-name = "Test"
domain-name = "Default"
region      = "eu-central1"

[LoadBalancer]
lb-version = "v2"
subnet-id = ""
floating-network-id = ""
lb-method = "ROUND_ROBIN"
lb-provider = ""

[BlockStorage]
ignore-volume-az  = true
trust-device-path = true
bs-version        = "v2"
