mkdir -p /opt/bin/
mkdir -p /var/lib/calico
mkdir -p /etc/kubernetes/manifests
mkdir -p /etc/cni/net.d
mkdir -p /opt/cni/bin
if [ ! -f /opt/cni/bin/loopback ]; then
    curl -L https://github.com/containernetworking/plugins/releases/download/v0.8.7/cni-plugins-linux-amd64-v0.8.7.tgz | tar -xvzC /opt/cni/bin -f -
fi
if [ ! -f /opt/bin/kubelet ]; then
    curl -Lfo /opt/bin/kubelet https://storage.googleapis.com/kubernetes-release/release/v1.11.0-rc.2/bin/linux/amd64/kubelet
    chmod +x /opt/bin/kubelet
fi

if [[ ! -x /opt/bin/health-monitor.sh ]]; then
    curl -Lfo /opt/bin/health-monitor.sh https://raw.githubusercontent.com/kubermatic/machine-controller/8b5b66e4910a6228dfaecccaa0a3b05ec4902f8e/pkg/userdata/scripts/health-monitor.sh
    chmod +x /opt/bin/health-monitor.sh
fi
