[Unit]
After=docker.service
Requires=docker.service

Description=kubelet: The Kubernetes Node Agent
Documentation=https://kubernetes.io/docs/home/

[Service]
Environment="PATH=/opt/bin:/bin:/usr/local/sbin:/usr/local/bin:/usr/sbin:/usr/bin:/sbin/"
Restart=always
StartLimitInterval=0
RestartSec=10

ExecStart=/opt/bin/kubelet $KUBELET_EXTRA_ARGS \
  --bootstrap-kubeconfig=/etc/kubernetes/bootstrap-kubelet.conf \
  --kubeconfig=/etc/kubernetes/kubelet.conf \
  --pod-manifest-path=/etc/kubernetes/manifests \
  --allow-privileged=true \
  --network-plugin=cni \
  --cni-conf-dir=/etc/cni/net.d \
  --cni-bin-dir=/opt/cni/bin \
  --authorization-mode=Webhook \
  --client-ca-file=/etc/kubernetes/pki/ca.crt \
  --cadvisor-port=0 \
  --rotate-certificates=true \
  --cert-dir=/etc/kubernetes/pki \
  --authentication-token-webhook=true \
  --hostname-override=some-test-node \
  --read-only-port=0 \
  --exit-on-lock-contention \
  --lock-file=/tmp/kubelet.lock \
  --anonymous-auth=false \
  --protect-kernel-defaults=true \
  --cluster-dns=10.10.10.10 \
  --cluster-domain=cluster.local

[Install]
WantedBy=multi-user.target