[Unit]
After=docker.service
Requires=docker.service

Description=kubelet: The Kubernetes Node Agent
Documentation=https://kubernetes.io/docs/home/

[Service]
Restart=always
StartLimitInterval=0
RestartSec=10
CPUAccounting=true
MemoryAccounting=true

Environment="PATH=/opt/bin:/bin:/usr/local/sbin:/usr/local/bin:/usr/sbin:/usr/bin:/sbin/"
EnvironmentFile=-/etc/environment

ExecStartPre=/bin/bash /opt/load-kernel-modules.sh
ExecStartPre=/bin/bash /opt/bin/setup_net_env.sh
ExecStart=/opt/bin/kubelet $KUBELET_EXTRA_ARGS \
  --bootstrap-kubeconfig=/etc/kubernetes/bootstrap-kubelet.conf \
  --kubeconfig=/var/lib/kubelet/kubeconfig \
  --config=/etc/kubernetes/kubelet.conf \
  --network-plugin=cni \
  --cert-dir=/etc/kubernetes/pki \
  --cloud-provider=aws \
  --cloud-config=/etc/kubernetes/cloud-config \
  --dynamic-config-dir=/etc/kubernetes/dynamic-config-dir \
  --exit-on-lock-contention \
  --lock-file=/tmp/kubelet.lock \
  --pod-infra-container-image=192.168.100.100:5000/kubernetes/pause:v3.1 \
  --node-ip ${KUBELET_NODE_IP}

[Install]
WantedBy=multi-user.target