[Unit]
After=docker.service
Requires=docker.service

Description=kubelet: The Kubernetes Node Agent
Documentation=https://kubernetes.io/docs/home/

[Service]
Restart=always
StartLimitInterval=0
RestartSec=10
CPUAccounting=true
MemoryAccounting=true

Environment="PATH=/opt/bin:/bin:/usr/local/sbin:/usr/local/bin:/usr/sbin:/usr/bin:/sbin/"
EnvironmentFile=-/etc/environment

ExecStartPre=/bin/bash /opt/load-kernel-modules.sh
ExecStart=/opt/bin/kubelet $KUBELET_EXTRA_ARGS \
  --bootstrap-kubeconfig=/etc/kubernetes/bootstrap-kubelet.conf \
  --kubeconfig=/var/lib/kubelet/kubeconfig \
  --config=/etc/kubernetes/kubelet.conf \
  --allow-privileged=true \
  --network-plugin=cni \
  --cni-conf-dir=/etc/cni/net.d \
  --cni-bin-dir=/opt/cni/bin \
  --cert-dir=/etc/kubernetes/pki \
  --hostname-override=some-test-node \
  --dynamic-config-dir /etc/kubernetes/dynamic-config-dir \
  --exit-on-lock-contention \
  --lock-file=/tmp/kubelet.lock \
  --kube-reserved=cpu=100m,memory=100Mi,ephemeral-storage=1Gi \
  --system-reserved=cpu=100m,memory=100Mi,ephemeral-storage=1Gi

[Install]
WantedBy=multi-user.target