opt_bin=/opt/bin
usr_local_bin=/usr/local/bin
cni_bin_dir=/opt/cni/bin
mkdir -p /etc/cni/net.d /etc/kubernetes/manifests "$opt_bin" "$cni_bin_dir"
arch=${HOST_ARCH-}
if [ -z "$arch" ]
then
case $(uname -m) in
x86_64)
    arch="amd64"
    ;;
aarch64)
    arch="arm64"
    ;;
*)
    echo "unsupported CPU architecture, exiting"
    exit 1
    ;;
esac
fi
CNI_VERSION="${CNI_VERSION:-v1.2.0}"
cni_base_url="https://github.com/containernetworking/plugins/releases/download/$CNI_VERSION"
cni_filename="cni-plugins-linux-$arch-$CNI_VERSION.tgz"
curl -Lfo "$cni_bin_dir/$cni_filename" "$cni_base_url/$cni_filename"
cni_sum=$(curl -Lf "$cni_base_url/$cni_filename.sha256")
cd "$cni_bin_dir"
sha256sum -c <<<"$cni_sum"
tar xvf "$cni_filename"
rm -f "$cni_filename"
cd -
CRI_TOOLS_RELEASE="${CRI_TOOLS_RELEASE:-v1.27.0}"
cri_tools_base_url="https://github.com/kubernetes-sigs/cri-tools/releases/download/${CRI_TOOLS_RELEASE}"
cri_tools_filename="crictl-${CRI_TOOLS_RELEASE}-linux-${arch}.tar.gz"
curl -Lfo "$opt_bin/$cri_tools_filename" "$cri_tools_base_url/$cri_tools_filename"
cri_tools_sum_value=$(curl -Lf "$cri_tools_base_url/$cri_tools_filename.sha256")
cri_tools_sum="$cri_tools_sum_value $cri_tools_filename"
cd "$opt_bin"
sha256sum -c <<<"$cri_tools_sum"
tar xvf "$cri_tools_filename"
rm -f "$cri_tools_filename"
ln -sf "$opt_bin/crictl" "$usr_local_bin"/crictl || echo "symbolic link is skipped"
cd -
KUBE_VERSION="${KUBE_VERSION:-v1.26.6}"
kube_dir="$opt_bin/kubernetes-$KUBE_VERSION"
kube_base_url="https://dl.k8s.io/$KUBE_VERSION/bin/linux/$arch"
kube_sum_file="$kube_dir/sha256"
mkdir -p "$kube_dir"
: >"$kube_sum_file"

for bin in kubelet kubeadm kubectl; do
    curl -Lfo "$kube_dir/$bin" "$kube_base_url/$bin"
    chmod +x "$kube_dir/$bin"
    sum=$(curl -Lf "$kube_base_url/$bin.sha256")
    echo "$sum  $kube_dir/$bin" >>"$kube_sum_file"
done
sha256sum -c "$kube_sum_file"

for bin in kubelet kubeadm kubectl; do
    ln -sf "$kube_dir/$bin" "$opt_bin"/$bin
done

if [[ ! -x /opt/bin/health-monitor.sh ]]; then
    curl -Lfo /opt/bin/health-monitor.sh https://raw.githubusercontent.com/kubermatic/machine-controller/7967a0af2b75f29ad2ab227eeaa26ea7b0f2fbde/pkg/userdata/scripts/health-monitor.sh
    chmod +x /opt/bin/health-monitor.sh
fi
