[Global]
auth-url    = "https://127.0.0.1:8443"
application-credential-id     = "app-cred-id"
application-credential-secret = "app-cred-secret"
domain-name = "Default"
region      = "eu-central1"

[LoadBalancer]
lb-version = "v2"
subnet-id = ""
floating-network-id = ""
lb-method = "ROUND_ROBIN"
lb-provider = ""

[BlockStorage]
ignore-volume-az  = false
trust-device-path = false
bs-version        = "auto"
